// Jest Snapshot v1, https://goo.gl/fbAQLP

exports[`use fragment 1`] = `
<DocumentFragment>
  <div>
    <div>
      <label
        for="search"
      >
        Search:
      </label>
      <br />
      <input
        id="search"
        type="text"
        value=""
      />
    </div>
    <p>
      Searches for ...
    </p>
  </div>
</DocumentFragment>
`;
